// Jest Snapshot v1, https://goo.gl/fbAQLP

exports[`ParaSwap SDK Get_Adapters: Get_Adapters 1`] = `
[
  "Bancor",
  "Compound",
  "DODOV1",
  "DODOV2",
  "TraderJoeV2.1",
  "Smoothy",
  "CurveV2",
  "Lido",
  "EtherFi",
  "CurveV1",
  "Swerve",
  "BalancerV1",
  "BalancerV2",
  "UniswapV2",
  "DefiSwap",
  "LinkSwap",
  "PancakeSwapV2",
  "SushiSwap",
  "ShibaSwap",
  "Verse",
  "UniswapV3",
  "SushiSwapV3",
  "PancakeswapV3",
  "AaveV2",
  "AaveV3",
  "KyberDmm",
  "Weth",
  "PolygonMigrator",
  "MakerPsm",
  "Synapse",
  "ParaSwapLimitOrders",
  "SolidlyV2",
  "Synthetix",
  "CurveV1Factory",
  "CurveV1StableNg",
  "wstETH",
  "Hashflow",
  "MaverickV1",
  "SwaapV2",
  "AngleStakedStableUSD",
  "AngleStakedStableEUR",
  "SolidlyV3",
  "Wombat",
  "Swell",
  "Spark",
  "sUSDS",
  "AugustusRFQ",
]
`;
